<html>
<body>
<pre>
<h1>µVision Build Log</h1>
<h2>Tool Versions:</h2>
IDE-Version: ÂµVision V5.38.0.0
Copyright (C) 2022 ARM Ltd and ARM Germany GmbH. All rights reserved.
License Information: nguyen ASUS, NA, LIC=----
 
Tool Versions:
Toolchain:       MDK-Lite  Version: 5.38.0.0
Toolchain Path:  D:\STM32F051_learning\KeliC\ARM\ARMCLANG\Bin
C Compiler:      ArmClang.exe V6.19
Assembler:       Armasm.exe V6.19
Linker/Locator:  ArmLink.exe V6.19
Library Manager: ArmAr.exe V6.19
Hex Converter:   FromElf.exe V6.19
CPU DLL:         SARMCM3.DLL V5.38.0.0
Dialog DLL:      DCM.DLL V1.17.5.0
Target DLL:      STLink\ST-LINKIII-KEIL_SWO.dll V3.1.0.0
Dialog DLL:      TCM.DLL V1.56.4.0
 
<h2>Project:</h2>
D:\STM32F051_learning\Example\STM32F103RC_CAN_Example_With_KeliC\MDK-ARM\STM32F103RC_CAN_Example_Configuration.uvprojx
Project File Date:  12/24/2023

<h2>Output:</h2>
*** Using Compiler 'V6.19', folder: 'D:\STM32F051_learning\KeliC\ARM\ARMCLANG\Bin'
Build target 'STM32F103RC_CAN_Example_Configuration'
compiling CAN_SignalHandler.c...
linking...
Program Size: Code=9472 RO-data=688 RW-data=12 ZI-data=2140  
FromELF: creating hex file...
"STM32F103RC_CAN_Example_Configuration\STM32F103RC_CAN_Example_Configuration.axf" - 0 Error(s), 0 Warning(s).

<h2>Software Packages used:</h2>

Package Vendor: ARM
                http://www.keil.com/pack/ARM.CMSIS.5.9.0.pack
                ARM.CMSIS.5.9.0
                CMSIS (Common Microcontroller Software Interface Standard)
   * Component: CORE Version: 5.6.0

Package Vendor: Keil
                https://www.keil.com/pack/Keil.STM32F1xx_DFP.2.4.1.pack
                Keil.STM32F1xx_DFP.2.4.1
                STMicroelectronics STM32F1 Series Device Support, Drivers and Examples

<h2>Collection of Component include folders:</h2>
  ./RTE/_STM32F103RC_CAN_Example_Configuration
  D:/STM32F051_learning/KeliC/ARM/CMSIS/5.9.0/CMSIS/Core/Include
  D:/STM32F051_learning/KeliC/Keil/STM32F1xx_DFP/2.4.1/Device/Include

<h2>Collection of Component Files used:</h2>

   * Component: ARM::CMSIS:CORE:5.6.0
      Include file:  CMSIS/Core/Include/tz_context.h
Build Time Elapsed:  00:00:01
</pre>
</body>
</html>
